[0.017s] Invoking command in '/home/metal_angel/Desktop/Code/ly/ros2_ws/build/cpp_pubsub': CONDA_PROMPT_MODIFIER=(base) DEBUGINFOD_URLS=https://debuginfod.ubuntu.com /usr/bin/cmake /home/metal_angel/Desktop/Code/ly/ros2_ws/cpp_pubsub -DCMAKE_INSTALL_PREFIX=/home/metal_angel/Desktop/Code/ly/ros2_ws/install/cpp_pubsub
[0.130s] -- The C compiler identification is GNU 13.3.0
[0.233s] -- The CXX compiler identification is GNU 13.3.0
[0.266s] -- Detecting C compiler ABI info
[0.440s] -- Detecting C compiler ABI info - done
[0.455s] -- Check for working C compiler: /usr/bin/cc - skipped
[0.455s] -- Detecting C compile features
[0.456s] -- Detecting C compile features - done
[0.485s] -- Detecting CXX compiler ABI info
[0.681s] -- Detecting CXX compiler ABI info - done
[0.697s] -- Check for working CXX compiler: /usr/bin/c++ - skipped
[0.698s] -- Detecting CXX compile features
[0.699s] -- Detecting CXX compile features - done
[0.724s] -- Found ament_cmake: 2.5.4 (/opt/ros/jazzy/share/ament_cmake/cmake)
[0.924s] -- Found Python3: /home/metal_angel/miniconda3/bin/python3 (found version "3.12.12") found components: Interpreter 
[1.161s] -- Found rclcpp: 28.1.12 (/opt/ros/jazzy/share/rclcpp/cmake)
[1.278s] -- Found rosidl_generator_c: 4.6.6 (/opt/ros/jazzy/share/rosidl_generator_c/cmake)
[1.315s] -- Found rosidl_generator_cpp: 4.6.6 (/opt/ros/jazzy/share/rosidl_generator_cpp/cmake)
[1.359s] -- Using all available rosidl_typesupport_c: rosidl_typesupport_fastrtps_c;rosidl_typesupport_introspection_c
[1.404s] -- Using all available rosidl_typesupport_cpp: rosidl_typesupport_fastrtps_cpp;rosidl_typesupport_introspection_cpp
[1.596s] -- Found rmw_implementation_cmake: 7.3.2 (/opt/ros/jazzy/share/rmw_implementation_cmake/cmake)
[1.605s] -- Found rmw_fastrtps_cpp: 8.4.3 (/opt/ros/jazzy/share/rmw_fastrtps_cpp/cmake)
[1.834s] -- Found OpenSSL: /usr/lib/x86_64-linux-gnu/libcrypto.so (found version "3.0.13")  
[1.874s] -- Found FastRTPS: /opt/ros/jazzy/include (Required is at least version "2.13") 
[1.919s] -- Using RMW implementation 'rmw_fastrtps_cpp' as default
[2.098s] -- Found std_msgs: 5.3.6 (/opt/ros/jazzy/share/std_msgs/cmake)
[2.233s] Error parsing '/home/metal_angel/Desktop/Code/ly/ros2_ws/cpp_pubsub/package.xml':
[2.233s] Traceback (most recent call last):
[2.233s]   File "/home/metal_angel/miniconda3/lib/python3.12/site-packages/catkin_pkg/package.py", line 610, in parse_package_string
[2.233s]     root = dom.parseString(data)
[2.234s]            ^^^^^^^^^^^^^^^^^^^^^
[2.234s]   File "/home/metal_angel/miniconda3/lib/python3.12/xml/dom/minidom.py", line 2000, in parseString
[2.234s]     return expatbuilder.parseString(string)
[2.234s]            ^^^^^^^^^^^^^^^^^^^^^^^^^^^^^^^^
[2.234s]   File "/home/metal_angel/miniconda3/lib/python3.12/xml/dom/expatbuilder.py", line 922, in parseString
[2.234s]     return builder.parseString(string)
[2.234s]            ^^^^^^^^^^^^^^^^^^^^^^^^^^^
[2.234s]   File "/home/metal_angel/miniconda3/lib/python3.12/xml/dom/expatbuilder.py", line 220, in parseString
[2.235s]     parser.Parse(string, True)
[2.235s] xml.parsers.expat.ExpatError: junk after document element: line 19, column 0
[2.235s] 
[2.235s] During handling of the above exception, another exception occurred:
[2.235s] 
[2.235s] Traceback (most recent call last):
[2.235s]   File "/opt/ros/jazzy/share/ament_cmake_core/cmake/core/package_xml_2_cmake.py", line 150, in <module>
[2.235s]     main()
[2.236s]   File "/opt/ros/jazzy/share/ament_cmake_core/cmake/core/package_xml_2_cmake.py", line 53, in main
[2.236s]     raise e
[2.236s]   File "/opt/ros/jazzy/share/ament_cmake_core/cmake/core/package_xml_2_cmake.py", line 49, in main
[2.236s]     package = parse_package_string(
[2.236s]               ^^^^^^^^^^^^^^^^^^^^^
[2.236s]   File "/home/metal_angel/miniconda3/lib/python3.12/site-packages/catkin_pkg/package.py", line 612, in parse_package_string
[2.236s]     raise InvalidPackage('The manifest contains invalid XML:\n%s' % ex, filename)
[2.236s] catkin_pkg.package.InvalidPackage: Error(s) in package '/home/metal_angel/Desktop/Code/ly/ros2_ws/cpp_pubsub/package.xml':
[2.236s] The manifest contains invalid XML:
[2.237s] junk after document element: line 19, column 0
[2.252s] [31mCMake Error at /opt/ros/jazzy/share/ament_cmake_core/cmake/core/ament_package_xml.cmake:95 (message):
[2.252s]   execute_process(/home/metal_angel/miniconda3/bin/python3
[2.252s]   /opt/ros/jazzy/share/ament_cmake_core/cmake/core/package_xml_2_cmake.py
[2.252s]   /home/metal_angel/Desktop/Code/ly/ros2_ws/cpp_pubsub/package.xml
[2.253s]   /home/metal_angel/Desktop/Code/ly/ros2_ws/build/cpp_pubsub/ament_cmake_core/package.cmake)
[2.253s]   returned error code 1
[2.253s] Call Stack (most recent call first):
[2.253s]   /opt/ros/jazzy/share/ament_cmake_core/cmake/core/ament_package_xml.cmake:49 (_ament_package_xml)
[2.253s]   /opt/ros/jazzy/share/ament_cmake_core/cmake/core/ament_package.cmake:63 (ament_package_xml)
[2.253s]   CMakeLists.txt:26 (ament_package)
[2.253s] 
[2.253s] [0m
[2.253s] -- Configuring incomplete, errors occurred!
[2.268s] Invoked command in '/home/metal_angel/Desktop/Code/ly/ros2_ws/build/cpp_pubsub' returned '1': CONDA_PROMPT_MODIFIER=(base) DEBUGINFOD_URLS=https://debuginfod.ubuntu.com /usr/bin/cmake /home/metal_angel/Desktop/Code/ly/ros2_ws/cpp_pubsub -DCMAKE_INSTALL_PREFIX=/home/metal_angel/Desktop/Code/ly/ros2_ws/install/cpp_pubsub
