[0.000000] (-) TimerEvent: {}
[0.000328] (multi_node_demo) JobQueued: {'identifier': 'multi_node_demo', 'dependencies': OrderedDict()}
[0.000810] (multi_node_demo) JobStarted: {'identifier': 'multi_node_demo'}
[0.007758] (multi_node_demo) JobProgress: {'identifier': 'multi_node_demo', 'progress': 'cmake'}
[0.008237] (multi_node_demo) JobProgress: {'identifier': 'multi_node_demo', 'progress': 'build'}
[0.008660] (multi_node_demo) Command: {'cmd': ['/usr/bin/cmake', '--build', '/home/metal_angel/Desktop/Code/ly/ROS/build/multi_node_demo', '--', '-j16', '-l16'], 'cwd': '/home/metal_angel/Desktop/Code/ly/ROS/build/multi_node_demo', 'env': OrderedDict({'CONDA_PROMPT_MODIFIER': '(base)', 'GZ_SIM_RESOURCE_PATH': '/opt/ros/jazzy/share', '__EGL_VENDOR_LIBRARY_DIRS': '/home/metal_angel/miniconda3/share/glvnd/egl_vendor.d', 'USER': 'metal_angel', 'LC_TIME': 'zh_CN.UTF-8', 'GZ_CONFIG_PATH': '/opt/ros/jazzy/opt/gz_sim_vendor/share/gz:/opt/ros/jazzy/opt/sdformat_vendor/share/gz:/opt/ros/jazzy/opt/gz_gui_vendor/share/gz:/opt/ros/jazzy/opt/gz_transport_vendor/share/gz:/opt/ros/jazzy/opt/gz_rendering_vendor/share/gz:/opt/ros/jazzy/opt/gz_plugin_vendor/share/gz:/opt/ros/jazzy/opt/gz_fuel_tools_vendor/share/gz:/opt/ros/jazzy/opt/gz_msgs_vendor/share/gz:/opt/ros/jazzy/opt/gz_common_vendor/share/gz', 'XDG_SESSION_TYPE': 'wayland', 'SHLVL': '1', 'LD_LIBRARY_PATH': '/opt/ros/jazzy/opt/gz_sim_vendor/lib:/opt/ros/jazzy/opt/gz_sensors_vendor/lib:/opt/ros/jazzy/opt/gz_physics_vendor/lib:/opt/ros/jazzy/opt/sdformat_vendor/lib:/opt/ros/jazzy/opt/rviz_ogre_vendor/lib:/opt/ros/jazzy/lib/x86_64-linux-gnu:/opt/ros/jazzy/opt/gz_gui_vendor/lib:/opt/ros/jazzy/opt/gz_transport_vendor/lib:/opt/ros/jazzy/opt/gz_rendering_vendor/lib:/opt/ros/jazzy/opt/gz_plugin_vendor/lib:/opt/ros/jazzy/opt/gz_fuel_tools_vendor/lib:/opt/ros/jazzy/opt/gz_msgs_vendor/lib:/opt/ros/jazzy/opt/gz_common_vendor/lib:/opt/ros/jazzy/opt/gz_math_vendor/lib:/opt/ros/jazzy/opt/gz_utils_vendor/lib:/opt/ros/jazzy/opt/gz_tools_vendor/lib:/opt/ros/jazzy/opt/gz_ogre_next_vendor/lib:/opt/ros/jazzy/opt/gz_dartsim_vendor/lib:/opt/ros/jazzy/opt/gz_cmake_vendor/lib:/opt/ros/jazzy/lib', 'HOME': '/home/metal_angel', 'CONDA_SHLVL': '1', 'OLDPWD': '/home/metal_angel', 'DESKTOP_SESSION': 'ubuntu', 'ROS_PYTHON_VERSION': '3', 'GNOME_SHELL_SESSION_MODE': 'ubuntu', 'GTK_MODULES': 'gail:atk-bridge', 'LC_MONETARY': 'zh_CN.UTF-8', 'SYSTEMD_EXEC_PID': '2615', 'GSM_SKIP_SSH_AGENT_WORKAROUND': 'true', 'DBUS_SESSION_BUS_ADDRESS': 'unix:path=/run/user/1000/bus', 'COLORTERM': 'truecolor', '_CE_M': '', '_CONDA_ROOT': '/home/metal_angel/miniconda3', 'GNOME_KEYRING_CONTROL': '/run/user/1000/keyring', 'DEBUGINFOD_URLS': 'https://debuginfod.ubuntu.com', 'IM_CONFIG_PHASE': '1', 'WAYLAND_DISPLAY': 'wayland-0', 'COLCON_PREFIX_PATH': '/home/metal_angel/Desktop/Code/ly/ROS/install', 'ROS_DISTRO': 'jazzy', 'LOGNAME': 'metal_angel', '_': '/usr/bin/colcon', 'ROS_VERSION': '2', 'MEMORY_PRESSURE_WATCH': '/sys/fs/cgroup/user.slice/user-1000.slice/user@1000.service/session.slice/org.gnome.SettingsDaemon.MediaKeys.service/memory.pressure', 'XDG_SESSION_CLASS': 'user', 'USERNAME': 'metal_angel', 'TERM': 'xterm-256color', 'GNOME_DESKTOP_SESSION_ID': 'this-is-deprecated', '_CE_CONDA': '', 'PATH': '/opt/ros/jazzy/opt/gz_msgs_vendor/bin:/opt/ros/jazzy/opt/gz_tools_vendor/bin:/opt/ros/jazzy/opt/gz_ogre_next_vendor/bin:/opt/ros/jazzy/bin:/home/metal_angel/miniconda3/bin:/home/metal_angel/miniconda3/condabin:/usr/local/sbin:/usr/local/bin:/usr/sbin:/usr/bin:/sbin:/bin:/usr/games:/usr/local/games:/snap/bin:/snap/bin', 'SESSION_MANAGER': 'local/Metal-Angel:@/tmp/.ICE-unix/2399,unix/Metal-Angel:/tmp/.ICE-unix/2399', 'PAPERSIZE': 'a4', 'XDG_MENU_PREFIX': 'gnome-', 'LC_ADDRESS': 'zh_CN.UTF-8', 'GNOME_TERMINAL_SCREEN': '/org/gnome/Terminal/screen/a80d2290_de4a_4b36_9248_8eb3f82b319d', 'GNOME_SETUP_DISPLAY': ':1', 'XDG_RUNTIME_DIR': '/run/user/1000', 'DISPLAY': ':0', 'LANG': 'zh_CN.UTF-8', 'XDG_CURRENT_DESKTOP': 'ubuntu:GNOME', 'LC_TELEPHONE': 'zh_CN.UTF-8', 'XMODIFIERS': '@im=ibus', 'XDG_SESSION_DESKTOP': 'ubuntu', 'XAUTHORITY': '/run/user/1000/.mutter-Xwaylandauth.I326G3', 'GNOME_TERMINAL_SERVICE': ':1.137', 'SSH_AUTH_SOCK': '/run/user/1000/keyring/ssh', 'GSETTINGS_SCHEMA_DIR': '/home/metal_angel/miniconda3/share/glib-2.0/schemas', 'AMENT_PREFIX_PATH': '/home/metal_angel/Desktop/Code/ly/ROS/install/multi_node_demo:/opt/ros/jazzy', 'CONDA_PYTHON_EXE': '/home/metal_angel/miniconda3/bin/python', 'SHELL': '/bin/bash', 'LC_NAME': 'zh_CN.UTF-8', 'QT_ACCESSIBILITY': '1', 'GDMSESSION': 'ubuntu', 'CONDA_DEFAULT_ENV': 'base', 'LC_MEASUREMENT': 'zh_CN.UTF-8', '_CONDA_EXE': '/home/metal_angel/miniconda3/bin/conda', 'LC_IDENTIFICATION': 'zh_CN.UTF-8', 'ROS_AUTOMATIC_DISCOVERY_RANGE': 'SUBNET', 'QT_IM_MODULE': 'ibus', 'PWD': '/home/metal_angel/Desktop/Code/ly/ROS/build/multi_node_demo', 'XDG_CONFIG_DIRS': '/etc/xdg/xdg-ubuntu:/etc/xdg', 'CONDA_EXE': '/home/metal_angel/miniconda3/bin/conda', 'XDG_DATA_DIRS': '/usr/share/ubuntu:/usr/share/gnome:/usr/local/share/:/usr/share/:/var/lib/snapd/desktop', 'PYTHONPATH': '/opt/ros/jazzy/lib/python3.12/site-packages', 'LC_NUMERIC': 'zh_CN.UTF-8', 'CONDA_PREFIX': '/home/metal_angel/miniconda3', 'GSETTINGS_SCHEMA_DIR_CONDA_BACKUP': '', 'LC_PAPER': 'zh_CN.UTF-8', 'COLCON': '1', 'MEMORY_PRESSURE_WRITE': 'c29tZSAyMDAwMDAgMjAwMDAwMAA=', 'VTE_VERSION': '7600', 'CMAKE_PREFIX_PATH': '/home/metal_angel/Desktop/Code/ly/ROS/install/multi_node_demo:/opt/ros/jazzy/opt/gz_sim_vendor:/opt/ros/jazzy/opt/gz_sensors_vendor:/opt/ros/jazzy/opt/gz_physics_vendor:/opt/ros/jazzy/opt/sdformat_vendor:/opt/ros/jazzy/opt/gz_gui_vendor:/opt/ros/jazzy/opt/gz_transport_vendor:/opt/ros/jazzy/opt/gz_rendering_vendor:/opt/ros/jazzy/opt/gz_plugin_vendor:/opt/ros/jazzy/opt/gz_fuel_tools_vendor:/opt/ros/jazzy/opt/gz_msgs_vendor:/opt/ros/jazzy/opt/gz_common_vendor:/opt/ros/jazzy/opt/gz_math_vendor:/opt/ros/jazzy/opt/gz_utils_vendor:/opt/ros/jazzy/opt/gz_tools_vendor:/opt/ros/jazzy/opt/gz_ogre_next_vendor:/opt/ros/jazzy/opt/gz_dartsim_vendor:/opt/ros/jazzy/opt/gz_cmake_vendor:/opt/ros/jazzy'}), 'shell': False}
[0.067640] (multi_node_demo) StdoutLine: {'line': b'[ 33%] \x1b[32mBuilding CXX object CMakeFiles/publisher2.dir/src/publisher2.cpp.o\x1b[0m\n'}
[0.067874] (multi_node_demo) StdoutLine: {'line': b'[ 50%] Built target subscriber\n'}
[0.067965] (multi_node_demo) StdoutLine: {'line': b'[ 83%] Built target publisher1\n'}
[0.099998] (-) TimerEvent: {}
[0.200230] (-) TimerEvent: {}
[0.300474] (-) TimerEvent: {}
[0.400706] (-) TimerEvent: {}
[0.500959] (-) TimerEvent: {}
[0.601244] (-) TimerEvent: {}
[0.701521] (-) TimerEvent: {}
[0.801760] (-) TimerEvent: {}
[0.902008] (-) TimerEvent: {}
[1.002257] (-) TimerEvent: {}
[1.102506] (-) TimerEvent: {}
[1.202755] (-) TimerEvent: {}
[1.303000] (-) TimerEvent: {}
[1.403245] (-) TimerEvent: {}
[1.503487] (-) TimerEvent: {}
[1.603726] (-) TimerEvent: {}
[1.703975] (-) TimerEvent: {}
[1.804240] (-) TimerEvent: {}
[1.904493] (-) TimerEvent: {}
[2.004753] (-) TimerEvent: {}
[2.104994] (-) TimerEvent: {}
[2.205233] (-) TimerEvent: {}
[2.305481] (-) TimerEvent: {}
[2.405727] (-) TimerEvent: {}
[2.505986] (-) TimerEvent: {}
[2.606222] (-) TimerEvent: {}
[2.706454] (-) TimerEvent: {}
[2.806689] (-) TimerEvent: {}
[2.906929] (-) TimerEvent: {}
[3.007172] (-) TimerEvent: {}
[3.107406] (-) TimerEvent: {}
[3.207634] (-) TimerEvent: {}
[3.307869] (-) TimerEvent: {}
[3.408116] (-) TimerEvent: {}
[3.505614] (multi_node_demo) StdoutLine: {'line': b'[100%] \x1b[32m\x1b[1mLinking CXX executable publisher2\x1b[0m\n'}
[3.508185] (-) TimerEvent: {}
[3.608372] (-) TimerEvent: {}
[3.645181] (multi_node_demo) StdoutLine: {'line': b'[100%] Built target publisher2\n'}
[3.657686] (multi_node_demo) CommandEnded: {'returncode': 0}
[3.658220] (multi_node_demo) JobProgress: {'identifier': 'multi_node_demo', 'progress': 'install'}
[3.667234] (multi_node_demo) Command: {'cmd': ['/usr/bin/cmake', '--install', '/home/metal_angel/Desktop/Code/ly/ROS/build/multi_node_demo'], 'cwd': '/home/metal_angel/Desktop/Code/ly/ROS/build/multi_node_demo', 'env': OrderedDict({'CONDA_PROMPT_MODIFIER': '(base)', 'GZ_SIM_RESOURCE_PATH': '/opt/ros/jazzy/share', '__EGL_VENDOR_LIBRARY_DIRS': '/home/metal_angel/miniconda3/share/glvnd/egl_vendor.d', 'USER': 'metal_angel', 'LC_TIME': 'zh_CN.UTF-8', 'GZ_CONFIG_PATH': '/opt/ros/jazzy/opt/gz_sim_vendor/share/gz:/opt/ros/jazzy/opt/sdformat_vendor/share/gz:/opt/ros/jazzy/opt/gz_gui_vendor/share/gz:/opt/ros/jazzy/opt/gz_transport_vendor/share/gz:/opt/ros/jazzy/opt/gz_rendering_vendor/share/gz:/opt/ros/jazzy/opt/gz_plugin_vendor/share/gz:/opt/ros/jazzy/opt/gz_fuel_tools_vendor/share/gz:/opt/ros/jazzy/opt/gz_msgs_vendor/share/gz:/opt/ros/jazzy/opt/gz_common_vendor/share/gz', 'XDG_SESSION_TYPE': 'wayland', 'SHLVL': '1', 'LD_LIBRARY_PATH': '/opt/ros/jazzy/opt/gz_sim_vendor/lib:/opt/ros/jazzy/opt/gz_sensors_vendor/lib:/opt/ros/jazzy/opt/gz_physics_vendor/lib:/opt/ros/jazzy/opt/sdformat_vendor/lib:/opt/ros/jazzy/opt/rviz_ogre_vendor/lib:/opt/ros/jazzy/lib/x86_64-linux-gnu:/opt/ros/jazzy/opt/gz_gui_vendor/lib:/opt/ros/jazzy/opt/gz_transport_vendor/lib:/opt/ros/jazzy/opt/gz_rendering_vendor/lib:/opt/ros/jazzy/opt/gz_plugin_vendor/lib:/opt/ros/jazzy/opt/gz_fuel_tools_vendor/lib:/opt/ros/jazzy/opt/gz_msgs_vendor/lib:/opt/ros/jazzy/opt/gz_common_vendor/lib:/opt/ros/jazzy/opt/gz_math_vendor/lib:/opt/ros/jazzy/opt/gz_utils_vendor/lib:/opt/ros/jazzy/opt/gz_tools_vendor/lib:/opt/ros/jazzy/opt/gz_ogre_next_vendor/lib:/opt/ros/jazzy/opt/gz_dartsim_vendor/lib:/opt/ros/jazzy/opt/gz_cmake_vendor/lib:/opt/ros/jazzy/lib', 'HOME': '/home/metal_angel', 'CONDA_SHLVL': '1', 'OLDPWD': '/home/metal_angel', 'DESKTOP_SESSION': 'ubuntu', 'ROS_PYTHON_VERSION': '3', 'GNOME_SHELL_SESSION_MODE': 'ubuntu', 'GTK_MODULES': 'gail:atk-bridge', 'LC_MONETARY': 'zh_CN.UTF-8', 'SYSTEMD_EXEC_PID': '2615', 'GSM_SKIP_SSH_AGENT_WORKAROUND': 'true', 'DBUS_SESSION_BUS_ADDRESS': 'unix:path=/run/user/1000/bus', 'COLORTERM': 'truecolor', '_CE_M': '', '_CONDA_ROOT': '/home/metal_angel/miniconda3', 'GNOME_KEYRING_CONTROL': '/run/user/1000/keyring', 'DEBUGINFOD_URLS': 'https://debuginfod.ubuntu.com', 'IM_CONFIG_PHASE': '1', 'WAYLAND_DISPLAY': 'wayland-0', 'COLCON_PREFIX_PATH': '/home/metal_angel/Desktop/Code/ly/ROS/install', 'ROS_DISTRO': 'jazzy', 'LOGNAME': 'metal_angel', '_': '/usr/bin/colcon', 'ROS_VERSION': '2', 'MEMORY_PRESSURE_WATCH': '/sys/fs/cgroup/user.slice/user-1000.slice/user@1000.service/session.slice/org.gnome.SettingsDaemon.MediaKeys.service/memory.pressure', 'XDG_SESSION_CLASS': 'user', 'USERNAME': 'metal_angel', 'TERM': 'xterm-256color', 'GNOME_DESKTOP_SESSION_ID': 'this-is-deprecated', '_CE_CONDA': '', 'PATH': '/opt/ros/jazzy/opt/gz_msgs_vendor/bin:/opt/ros/jazzy/opt/gz_tools_vendor/bin:/opt/ros/jazzy/opt/gz_ogre_next_vendor/bin:/opt/ros/jazzy/bin:/home/metal_angel/miniconda3/bin:/home/metal_angel/miniconda3/condabin:/usr/local/sbin:/usr/local/bin:/usr/sbin:/usr/bin:/sbin:/bin:/usr/games:/usr/local/games:/snap/bin:/snap/bin', 'SESSION_MANAGER': 'local/Metal-Angel:@/tmp/.ICE-unix/2399,unix/Metal-Angel:/tmp/.ICE-unix/2399', 'PAPERSIZE': 'a4', 'XDG_MENU_PREFIX': 'gnome-', 'LC_ADDRESS': 'zh_CN.UTF-8', 'GNOME_TERMINAL_SCREEN': '/org/gnome/Terminal/screen/a80d2290_de4a_4b36_9248_8eb3f82b319d', 'GNOME_SETUP_DISPLAY': ':1', 'XDG_RUNTIME_DIR': '/run/user/1000', 'DISPLAY': ':0', 'LANG': 'zh_CN.UTF-8', 'XDG_CURRENT_DESKTOP': 'ubuntu:GNOME', 'LC_TELEPHONE': 'zh_CN.UTF-8', 'XMODIFIERS': '@im=ibus', 'XDG_SESSION_DESKTOP': 'ubuntu', 'XAUTHORITY': '/run/user/1000/.mutter-Xwaylandauth.I326G3', 'GNOME_TERMINAL_SERVICE': ':1.137', 'SSH_AUTH_SOCK': '/run/user/1000/keyring/ssh', 'GSETTINGS_SCHEMA_DIR': '/home/metal_angel/miniconda3/share/glib-2.0/schemas', 'AMENT_PREFIX_PATH': '/home/metal_angel/Desktop/Code/ly/ROS/install/multi_node_demo:/opt/ros/jazzy', 'CONDA_PYTHON_EXE': '/home/metal_angel/miniconda3/bin/python', 'SHELL': '/bin/bash', 'LC_NAME': 'zh_CN.UTF-8', 'QT_ACCESSIBILITY': '1', 'GDMSESSION': 'ubuntu', 'CONDA_DEFAULT_ENV': 'base', 'LC_MEASUREMENT': 'zh_CN.UTF-8', '_CONDA_EXE': '/home/metal_angel/miniconda3/bin/conda', 'LC_IDENTIFICATION': 'zh_CN.UTF-8', 'ROS_AUTOMATIC_DISCOVERY_RANGE': 'SUBNET', 'QT_IM_MODULE': 'ibus', 'PWD': '/home/metal_angel/Desktop/Code/ly/ROS/build/multi_node_demo', 'XDG_CONFIG_DIRS': '/etc/xdg/xdg-ubuntu:/etc/xdg', 'CONDA_EXE': '/home/metal_angel/miniconda3/bin/conda', 'XDG_DATA_DIRS': '/usr/share/ubuntu:/usr/share/gnome:/usr/local/share/:/usr/share/:/var/lib/snapd/desktop', 'PYTHONPATH': '/opt/ros/jazzy/lib/python3.12/site-packages', 'LC_NUMERIC': 'zh_CN.UTF-8', 'CONDA_PREFIX': '/home/metal_angel/miniconda3', 'GSETTINGS_SCHEMA_DIR_CONDA_BACKUP': '', 'LC_PAPER': 'zh_CN.UTF-8', 'COLCON': '1', 'MEMORY_PRESSURE_WRITE': 'c29tZSAyMDAwMDAgMjAwMDAwMAA=', 'VTE_VERSION': '7600', 'CMAKE_PREFIX_PATH': '/home/metal_angel/Desktop/Code/ly/ROS/install/multi_node_demo:/opt/ros/jazzy/opt/gz_sim_vendor:/opt/ros/jazzy/opt/gz_sensors_vendor:/opt/ros/jazzy/opt/gz_physics_vendor:/opt/ros/jazzy/opt/sdformat_vendor:/opt/ros/jazzy/opt/gz_gui_vendor:/opt/ros/jazzy/opt/gz_transport_vendor:/opt/ros/jazzy/opt/gz_rendering_vendor:/opt/ros/jazzy/opt/gz_plugin_vendor:/opt/ros/jazzy/opt/gz_fuel_tools_vendor:/opt/ros/jazzy/opt/gz_msgs_vendor:/opt/ros/jazzy/opt/gz_common_vendor:/opt/ros/jazzy/opt/gz_math_vendor:/opt/ros/jazzy/opt/gz_utils_vendor:/opt/ros/jazzy/opt/gz_tools_vendor:/opt/ros/jazzy/opt/gz_ogre_next_vendor:/opt/ros/jazzy/opt/gz_dartsim_vendor:/opt/ros/jazzy/opt/gz_cmake_vendor:/opt/ros/jazzy'}), 'shell': False}
[3.674724] (multi_node_demo) StdoutLine: {'line': b'-- Install configuration: ""\n'}
[3.675085] (multi_node_demo) StdoutLine: {'line': b'-- Up-to-date: /home/metal_angel/Desktop/Code/ly/ROS/install/multi_node_demo/lib/multi_node_demo/publisher1\n'}
[3.675190] (multi_node_demo) StdoutLine: {'line': b'-- Installing: /home/metal_angel/Desktop/Code/ly/ROS/install/multi_node_demo/lib/multi_node_demo/publisher2\n'}
[3.676653] (multi_node_demo) StdoutLine: {'line': b'-- Set non-toolchain portion of runtime path of "/home/metal_angel/Desktop/Code/ly/ROS/install/multi_node_demo/lib/multi_node_demo/publisher2" to ""\n'}
[3.676790] (multi_node_demo) StdoutLine: {'line': b'-- Up-to-date: /home/metal_angel/Desktop/Code/ly/ROS/install/multi_node_demo/lib/multi_node_demo/subscriber\n'}
[3.676958] (multi_node_demo) StdoutLine: {'line': b'-- Up-to-date: /home/metal_angel/Desktop/Code/ly/ROS/install/multi_node_demo/share/ament_index/resource_index/package_run_dependencies/multi_node_demo\n'}
[3.677035] (multi_node_demo) StdoutLine: {'line': b'-- Up-to-date: /home/metal_angel/Desktop/Code/ly/ROS/install/multi_node_demo/share/ament_index/resource_index/parent_prefix_path/multi_node_demo\n'}
[3.677129] (multi_node_demo) StdoutLine: {'line': b'-- Up-to-date: /home/metal_angel/Desktop/Code/ly/ROS/install/multi_node_demo/share/multi_node_demo/environment/ament_prefix_path.sh\n'}
[3.677208] (multi_node_demo) StdoutLine: {'line': b'-- Up-to-date: /home/metal_angel/Desktop/Code/ly/ROS/install/multi_node_demo/share/multi_node_demo/environment/ament_prefix_path.dsv\n'}
[3.677420] (multi_node_demo) StdoutLine: {'line': b'-- Up-to-date: /home/metal_angel/Desktop/Code/ly/ROS/install/multi_node_demo/share/multi_node_demo/environment/path.sh\n'}
[3.677516] (multi_node_demo) StdoutLine: {'line': b'-- Up-to-date: /home/metal_angel/Desktop/Code/ly/ROS/install/multi_node_demo/share/multi_node_demo/environment/path.dsv\n'}
[3.677705] (multi_node_demo) StdoutLine: {'line': b'-- Up-to-date: /home/metal_angel/Desktop/Code/ly/ROS/install/multi_node_demo/share/multi_node_demo/local_setup.bash\n'}
[3.677801] (multi_node_demo) StdoutLine: {'line': b'-- Up-to-date: /home/metal_angel/Desktop/Code/ly/ROS/install/multi_node_demo/share/multi_node_demo/local_setup.sh\n'}
[3.677874] (multi_node_demo) StdoutLine: {'line': b'-- Up-to-date: /home/metal_angel/Desktop/Code/ly/ROS/install/multi_node_demo/share/multi_node_demo/local_setup.zsh\n'}
[3.677965] (multi_node_demo) StdoutLine: {'line': b'-- Up-to-date: /home/metal_angel/Desktop/Code/ly/ROS/install/multi_node_demo/share/multi_node_demo/local_setup.dsv\n'}
[3.678036] (multi_node_demo) StdoutLine: {'line': b'-- Installing: /home/metal_angel/Desktop/Code/ly/ROS/install/multi_node_demo/share/multi_node_demo/package.dsv\n'}
[3.678102] (multi_node_demo) StdoutLine: {'line': b'-- Up-to-date: /home/metal_angel/Desktop/Code/ly/ROS/install/multi_node_demo/share/ament_index/resource_index/packages/multi_node_demo\n'}
[3.678170] (multi_node_demo) StdoutLine: {'line': b'-- Up-to-date: /home/metal_angel/Desktop/Code/ly/ROS/install/multi_node_demo/share/multi_node_demo/cmake/multi_node_demoConfig.cmake\n'}
[3.678223] (multi_node_demo) StdoutLine: {'line': b'-- Up-to-date: /home/metal_angel/Desktop/Code/ly/ROS/install/multi_node_demo/share/multi_node_demo/cmake/multi_node_demoConfig-version.cmake\n'}
[3.678276] (multi_node_demo) StdoutLine: {'line': b'-- Up-to-date: /home/metal_angel/Desktop/Code/ly/ROS/install/multi_node_demo/share/multi_node_demo/package.xml\n'}
[3.679141] (multi_node_demo) CommandEnded: {'returncode': 0}
[3.691845] (multi_node_demo) JobEnded: {'identifier': 'multi_node_demo', 'rc': 0}
[3.692443] (-) EventReactorShutdown: {}
