[0.077s] DEBUG:colcon:Command line arguments: ['/usr/bin/colcon', 'build', '--packages-select', 'multi_node_demo']
[0.077s] DEBUG:colcon:Parsed command line arguments: Namespace(log_base=None, log_level=None, verb_name='build', build_base='build', install_base='install', merge_install=False, symlink_install=False, test_result_base=None, continue_on_error=False, executor='parallel', parallel_workers=16, event_handlers=None, ignore_user_meta=False, metas=['./colcon.meta'], base_paths=['.'], packages_ignore=None, packages_ignore_regex=None, paths=None, packages_up_to=None, packages_up_to_regex=None, packages_above=None, packages_above_and_dependencies=None, packages_above_depth=None, packages_select_by_dep=None, packages_skip_by_dep=None, packages_skip_up_to=None, packages_select_build_failed=False, packages_skip_build_finished=False, packages_select_test_failures=False, packages_skip_test_passed=False, packages_select=['multi_node_demo'], packages_skip=None, packages_select_regex=None, packages_skip_regex=None, packages_start=None, packages_end=None, allow_overriding=[], cmake_args=None, cmake_target=None, cmake_target_skip_unavailable=False, cmake_clean_cache=False, cmake_clean_first=False, cmake_force_configure=False, ament_cmake_args=None, catkin_cmake_args=None, catkin_skip_building_tests=False, verb_parser=<colcon_defaults.argument_parser.defaults.DefaultArgumentsDecorator object at 0x75b8e47321e0>, verb_extension=<colcon_core.verb.build.BuildVerb object at 0x75b8e4731e50>, main=<bound method BuildVerb.main of <colcon_core.verb.build.BuildVerb object at 0x75b8e4731e50>>)
[0.106s] Level 1:colcon.colcon_core.package_discovery:discover_packages(colcon_meta) check parameters
[0.106s] Level 1:colcon.colcon_core.package_discovery:discover_packages(recursive) check parameters
[0.106s] Level 1:colcon.colcon_core.package_discovery:discover_packages(ignore) check parameters
[0.106s] Level 1:colcon.colcon_core.package_discovery:discover_packages(path) check parameters
[0.106s] Level 1:colcon.colcon_core.package_discovery:discover_packages(colcon_meta) discover
[0.106s] Level 1:colcon.colcon_core.package_discovery:discover_packages(recursive) discover
[0.106s] INFO:colcon.colcon_core.package_discovery:Crawling recursively for packages in '/home/metal_angel/Desktop/Code/ly/ROS'
[0.106s] Level 1:colcon.colcon_core.package_identification:_identify(.) by extensions ['ignore', 'ignore_ament_install']
[0.106s] Level 1:colcon.colcon_core.package_identification:_identify(.) by extension 'ignore'
[0.106s] Level 1:colcon.colcon_core.package_identification:_identify(.) by extension 'ignore_ament_install'
[0.106s] Level 1:colcon.colcon_core.package_identification:_identify(.) by extensions ['colcon_pkg']
[0.106s] Level 1:colcon.colcon_core.package_identification:_identify(.) by extension 'colcon_pkg'
[0.106s] Level 1:colcon.colcon_core.package_identification:_identify(.) by extensions ['colcon_meta']
[0.106s] Level 1:colcon.colcon_core.package_identification:_identify(.) by extension 'colcon_meta'
[0.106s] Level 1:colcon.colcon_core.package_identification:_identify(.) by extensions ['ros']
[0.106s] Level 1:colcon.colcon_core.package_identification:_identify(.) by extension 'ros'
[0.124s] Level 1:colcon.colcon_core.package_identification:_identify(.) by extensions ['cmake', 'python']
[0.124s] Level 1:colcon.colcon_core.package_identification:_identify(.) by extension 'cmake'
[0.124s] Level 1:colcon.colcon_core.package_identification:_identify(.) by extension 'python'
[0.124s] Level 1:colcon.colcon_core.package_identification:_identify(.) by extensions ['python_setup_py']
[0.124s] Level 1:colcon.colcon_core.package_identification:_identify(.) by extension 'python_setup_py'
[0.124s] Level 1:colcon.colcon_core.package_identification:_identify(build) by extensions ['ignore', 'ignore_ament_install']
[0.124s] Level 1:colcon.colcon_core.package_identification:_identify(build) by extension 'ignore'
[0.124s] Level 1:colcon.colcon_core.package_identification:_identify(build) ignored
[0.124s] Level 1:colcon.colcon_core.package_identification:_identify(install) by extensions ['ignore', 'ignore_ament_install']
[0.125s] Level 1:colcon.colcon_core.package_identification:_identify(install) by extension 'ignore'
[0.125s] Level 1:colcon.colcon_core.package_identification:_identify(install) ignored
[0.125s] Level 1:colcon.colcon_core.package_identification:_identify(log) by extensions ['ignore', 'ignore_ament_install']
[0.125s] Level 1:colcon.colcon_core.package_identification:_identify(log) by extension 'ignore'
[0.125s] Level 1:colcon.colcon_core.package_identification:_identify(log) ignored
[0.125s] Level 1:colcon.colcon_core.package_identification:_identify(src) by extensions ['ignore', 'ignore_ament_install']
[0.125s] Level 1:colcon.colcon_core.package_identification:_identify(src) by extension 'ignore'
[0.125s] Level 1:colcon.colcon_core.package_identification:_identify(src) by extension 'ignore_ament_install'
[0.125s] Level 1:colcon.colcon_core.package_identification:_identify(src) by extensions ['colcon_pkg']
[0.125s] Level 1:colcon.colcon_core.package_identification:_identify(src) by extension 'colcon_pkg'
[0.125s] Level 1:colcon.colcon_core.package_identification:_identify(src) by extensions ['colcon_meta']
[0.125s] Level 1:colcon.colcon_core.package_identification:_identify(src) by extension 'colcon_meta'
[0.125s] Level 1:colcon.colcon_core.package_identification:_identify(src) by extensions ['ros']
[0.125s] Level 1:colcon.colcon_core.package_identification:_identify(src) by extension 'ros'
[0.125s] Level 1:colcon.colcon_core.package_identification:_identify(src) by extensions ['cmake', 'python']
[0.125s] Level 1:colcon.colcon_core.package_identification:_identify(src) by extension 'cmake'
[0.125s] Level 1:colcon.colcon_core.package_identification:_identify(src) by extension 'python'
[0.125s] Level 1:colcon.colcon_core.package_identification:_identify(src) by extensions ['python_setup_py']
[0.125s] Level 1:colcon.colcon_core.package_identification:_identify(src) by extension 'python_setup_py'
[0.125s] Level 1:colcon.colcon_core.package_identification:_identify(src/multi_node_demo) by extensions ['ignore', 'ignore_ament_install']
[0.126s] Level 1:colcon.colcon_core.package_identification:_identify(src/multi_node_demo) by extension 'ignore'
[0.126s] Level 1:colcon.colcon_core.package_identification:_identify(src/multi_node_demo) by extension 'ignore_ament_install'
[0.126s] Level 1:colcon.colcon_core.package_identification:_identify(src/multi_node_demo) by extensions ['colcon_pkg']
[0.126s] Level 1:colcon.colcon_core.package_identification:_identify(src/multi_node_demo) by extension 'colcon_pkg'
[0.126s] Level 1:colcon.colcon_core.package_identification:_identify(src/multi_node_demo) by extensions ['colcon_meta']
[0.126s] Level 1:colcon.colcon_core.package_identification:_identify(src/multi_node_demo) by extension 'colcon_meta'
[0.126s] Level 1:colcon.colcon_core.package_identification:_identify(src/multi_node_demo) by extensions ['ros']
[0.126s] Level 1:colcon.colcon_core.package_identification:_identify(src/multi_node_demo) by extension 'ros'
[0.128s] DEBUG:colcon.colcon_core.package_identification:Package 'src/multi_node_demo' with type 'ros.ament_cmake' and name 'multi_node_demo'
[0.128s] Level 1:colcon.colcon_core.package_discovery:discover_packages(recursive) using defaults
[0.128s] Level 1:colcon.colcon_core.package_discovery:discover_packages(ignore) discover
[0.128s] Level 1:colcon.colcon_core.package_discovery:discover_packages(ignore) using defaults
[0.128s] Level 1:colcon.colcon_core.package_discovery:discover_packages(path) discover
[0.128s] Level 1:colcon.colcon_core.package_discovery:discover_packages(path) using defaults
[0.140s] Level 1:colcon.colcon_core.package_discovery:discover_packages(prefix_path) check parameters
[0.140s] Level 1:colcon.colcon_core.package_discovery:discover_packages(prefix_path) discover
[0.142s] DEBUG:colcon.colcon_installed_package_information.package_discovery:Found 1 installed packages in /home/metal_angel/Desktop/Code/ly/ROS/install
[0.143s] DEBUG:colcon.colcon_installed_package_information.package_discovery:Found 364 installed packages in /opt/ros/jazzy
[0.144s] Level 1:colcon.colcon_core.package_discovery:discover_packages(prefix_path) using defaults
[0.182s] Level 5:colcon.colcon_core.verb:set package 'multi_node_demo' build argument 'cmake_args' from command line to 'None'
[0.182s] Level 5:colcon.colcon_core.verb:set package 'multi_node_demo' build argument 'cmake_target' from command line to 'None'
[0.182s] Level 5:colcon.colcon_core.verb:set package 'multi_node_demo' build argument 'cmake_target_skip_unavailable' from command line to 'False'
[0.182s] Level 5:colcon.colcon_core.verb:set package 'multi_node_demo' build argument 'cmake_clean_cache' from command line to 'False'
[0.182s] Level 5:colcon.colcon_core.verb:set package 'multi_node_demo' build argument 'cmake_clean_first' from command line to 'False'
[0.182s] Level 5:colcon.colcon_core.verb:set package 'multi_node_demo' build argument 'cmake_force_configure' from command line to 'False'
[0.182s] Level 5:colcon.colcon_core.verb:set package 'multi_node_demo' build argument 'ament_cmake_args' from command line to 'None'
[0.182s] Level 5:colcon.colcon_core.verb:set package 'multi_node_demo' build argument 'catkin_cmake_args' from command line to 'None'
[0.182s] Level 5:colcon.colcon_core.verb:set package 'multi_node_demo' build argument 'catkin_skip_building_tests' from command line to 'False'
[0.182s] DEBUG:colcon.colcon_core.verb:Building package 'multi_node_demo' with the following arguments: {'ament_cmake_args': None, 'build_base': '/home/metal_angel/Desktop/Code/ly/ROS/build/multi_node_demo', 'catkin_cmake_args': None, 'catkin_skip_building_tests': False, 'cmake_args': None, 'cmake_clean_cache': False, 'cmake_clean_first': False, 'cmake_force_configure': False, 'cmake_target': None, 'cmake_target_skip_unavailable': False, 'install_base': '/home/metal_angel/Desktop/Code/ly/ROS/install/multi_node_demo', 'merge_install': False, 'path': '/home/metal_angel/Desktop/Code/ly/ROS/src/multi_node_demo', 'symlink_install': False, 'test_result_base': None}
[0.182s] INFO:colcon.colcon_core.executor:Executing jobs using 'parallel' executor
[0.183s] DEBUG:colcon.colcon_parallel_executor.executor.parallel:run_until_complete
[0.184s] INFO:colcon.colcon_ros.task.ament_cmake.build:Building ROS package in '/home/metal_angel/Desktop/Code/ly/ROS/src/multi_node_demo' with build type 'ament_cmake'
[0.184s] INFO:colcon.colcon_cmake.task.cmake.build:Building CMake package in '/home/metal_angel/Desktop/Code/ly/ROS/src/multi_node_demo'
[0.185s] INFO:colcon.colcon_core.plugin_system:Skipping extension 'colcon_core.shell.bat': Not used on non-Windows systems
[0.185s] INFO:colcon.colcon_core.shell:Skip shell extension 'powershell' for command environment: Not usable outside of PowerShell
[0.186s] DEBUG:colcon.colcon_core.shell:Skip shell extension 'dsv' for command environment
[0.193s] DEBUG:colcon.colcon_core.event_handler.log_command:Invoking command in '/home/metal_angel/Desktop/Code/ly/ROS/build/multi_node_demo': CMAKE_PREFIX_PATH=${CMAKE_PREFIX_PATH}:/opt/ros/jazzy CONDA_PROMPT_MODIFIER=(base) DEBUGINFOD_URLS=https://debuginfod.ubuntu.com /usr/bin/cmake --build /home/metal_angel/Desktop/Code/ly/ROS/build/multi_node_demo -- -j16 -l16
[3.841s] DEBUG:colcon.colcon_core.event_handler.log_command:Invoked command in '/home/metal_angel/Desktop/Code/ly/ROS/build/multi_node_demo' returned '0': CMAKE_PREFIX_PATH=${CMAKE_PREFIX_PATH}:/opt/ros/jazzy CONDA_PROMPT_MODIFIER=(base) DEBUGINFOD_URLS=https://debuginfod.ubuntu.com /usr/bin/cmake --build /home/metal_angel/Desktop/Code/ly/ROS/build/multi_node_demo -- -j16 -l16
[3.850s] DEBUG:colcon.colcon_core.event_handler.log_command:Invoking command in '/home/metal_angel/Desktop/Code/ly/ROS/build/multi_node_demo': CMAKE_PREFIX_PATH=${CMAKE_PREFIX_PATH}:/opt/ros/jazzy CONDA_PROMPT_MODIFIER=(base) DEBUGINFOD_URLS=https://debuginfod.ubuntu.com /usr/bin/cmake --install /home/metal_angel/Desktop/Code/ly/ROS/build/multi_node_demo
[3.862s] Level 1:colcon.colcon_core.environment:create_environment_scripts_only(multi_node_demo)
[3.863s] DEBUG:colcon.colcon_core.event_handler.log_command:Invoked command in '/home/metal_angel/Desktop/Code/ly/ROS/build/multi_node_demo' returned '0': CMAKE_PREFIX_PATH=${CMAKE_PREFIX_PATH}:/opt/ros/jazzy CONDA_PROMPT_MODIFIER=(base) DEBUGINFOD_URLS=https://debuginfod.ubuntu.com /usr/bin/cmake --install /home/metal_angel/Desktop/Code/ly/ROS/build/multi_node_demo
[3.864s] Level 1:colcon.colcon_core.environment:checking '/home/metal_angel/Desktop/Code/ly/ROS/install/multi_node_demo' for CMake module files
[3.865s] Level 1:colcon.colcon_core.environment:checking '/home/metal_angel/Desktop/Code/ly/ROS/install/multi_node_demo' for CMake config files
[3.865s] Level 1:colcon.colcon_core.shell:create_environment_hook('multi_node_demo', 'cmake_prefix_path')
[3.865s] INFO:colcon.colcon_core.shell:Creating environment hook '/home/metal_angel/Desktop/Code/ly/ROS/install/multi_node_demo/share/multi_node_demo/hook/cmake_prefix_path.ps1'
[3.866s] INFO:colcon.colcon_core.shell:Creating environment descriptor '/home/metal_angel/Desktop/Code/ly/ROS/install/multi_node_demo/share/multi_node_demo/hook/cmake_prefix_path.dsv'
[3.867s] INFO:colcon.colcon_core.shell:Creating environment hook '/home/metal_angel/Desktop/Code/ly/ROS/install/multi_node_demo/share/multi_node_demo/hook/cmake_prefix_path.sh'
[3.867s] Level 1:colcon.colcon_core.environment:checking '/home/metal_angel/Desktop/Code/ly/ROS/install/multi_node_demo/lib'
[3.867s] Level 1:colcon.colcon_core.environment:checking '/home/metal_angel/Desktop/Code/ly/ROS/install/multi_node_demo/bin'
[3.868s] Level 1:colcon.colcon_core.environment:checking '/home/metal_angel/Desktop/Code/ly/ROS/install/multi_node_demo/lib/pkgconfig/multi_node_demo.pc'
[3.868s] Level 1:colcon.colcon_core.environment:checking '/home/metal_angel/Desktop/Code/ly/ROS/install/multi_node_demo/lib/python3.12/site-packages'
[3.868s] Level 1:colcon.colcon_core.environment:checking '/home/metal_angel/Desktop/Code/ly/ROS/install/multi_node_demo/bin'
[3.868s] INFO:colcon.colcon_core.shell:Creating package script '/home/metal_angel/Desktop/Code/ly/ROS/install/multi_node_demo/share/multi_node_demo/package.ps1'
[3.869s] INFO:colcon.colcon_core.shell:Creating package descriptor '/home/metal_angel/Desktop/Code/ly/ROS/install/multi_node_demo/share/multi_node_demo/package.dsv'
[3.869s] INFO:colcon.colcon_core.shell:Creating package script '/home/metal_angel/Desktop/Code/ly/ROS/install/multi_node_demo/share/multi_node_demo/package.sh'
[3.869s] INFO:colcon.colcon_core.shell:Creating package script '/home/metal_angel/Desktop/Code/ly/ROS/install/multi_node_demo/share/multi_node_demo/package.bash'
[3.870s] INFO:colcon.colcon_core.shell:Creating package script '/home/metal_angel/Desktop/Code/ly/ROS/install/multi_node_demo/share/multi_node_demo/package.zsh'
[3.870s] Level 1:colcon.colcon_core.environment:create_file_with_runtime_dependencies(/home/metal_angel/Desktop/Code/ly/ROS/install/multi_node_demo/share/colcon-core/packages/multi_node_demo)
[3.871s] Level 1:colcon.colcon_core.environment:create_environment_scripts_only(multi_node_demo)
[3.871s] Level 1:colcon.colcon_core.environment:checking '/home/metal_angel/Desktop/Code/ly/ROS/install/multi_node_demo' for CMake module files
[3.871s] Level 1:colcon.colcon_core.environment:checking '/home/metal_angel/Desktop/Code/ly/ROS/install/multi_node_demo' for CMake config files
[3.871s] Level 1:colcon.colcon_core.shell:create_environment_hook('multi_node_demo', 'cmake_prefix_path')
[3.871s] INFO:colcon.colcon_core.shell:Creating environment hook '/home/metal_angel/Desktop/Code/ly/ROS/install/multi_node_demo/share/multi_node_demo/hook/cmake_prefix_path.ps1'
[3.872s] INFO:colcon.colcon_core.shell:Creating environment descriptor '/home/metal_angel/Desktop/Code/ly/ROS/install/multi_node_demo/share/multi_node_demo/hook/cmake_prefix_path.dsv'
[3.872s] INFO:colcon.colcon_core.shell:Creating environment hook '/home/metal_angel/Desktop/Code/ly/ROS/install/multi_node_demo/share/multi_node_demo/hook/cmake_prefix_path.sh'
[3.872s] Level 1:colcon.colcon_core.environment:checking '/home/metal_angel/Desktop/Code/ly/ROS/install/multi_node_demo/lib'
[3.872s] Level 1:colcon.colcon_core.environment:checking '/home/metal_angel/Desktop/Code/ly/ROS/install/multi_node_demo/bin'
[3.872s] Level 1:colcon.colcon_core.environment:checking '/home/metal_angel/Desktop/Code/ly/ROS/install/multi_node_demo/lib/pkgconfig/multi_node_demo.pc'
[3.873s] Level 1:colcon.colcon_core.environment:checking '/home/metal_angel/Desktop/Code/ly/ROS/install/multi_node_demo/lib/python3.12/site-packages'
[3.873s] Level 1:colcon.colcon_core.environment:checking '/home/metal_angel/Desktop/Code/ly/ROS/install/multi_node_demo/bin'
[3.873s] INFO:colcon.colcon_core.shell:Creating package script '/home/metal_angel/Desktop/Code/ly/ROS/install/multi_node_demo/share/multi_node_demo/package.ps1'
[3.873s] INFO:colcon.colcon_core.shell:Creating package descriptor '/home/metal_angel/Desktop/Code/ly/ROS/install/multi_node_demo/share/multi_node_demo/package.dsv'
[3.874s] INFO:colcon.colcon_core.shell:Creating package script '/home/metal_angel/Desktop/Code/ly/ROS/install/multi_node_demo/share/multi_node_demo/package.sh'
[3.874s] INFO:colcon.colcon_core.shell:Creating package script '/home/metal_angel/Desktop/Code/ly/ROS/install/multi_node_demo/share/multi_node_demo/package.bash'
[3.874s] INFO:colcon.colcon_core.shell:Creating package script '/home/metal_angel/Desktop/Code/ly/ROS/install/multi_node_demo/share/multi_node_demo/package.zsh'
[3.875s] Level 1:colcon.colcon_core.environment:create_file_with_runtime_dependencies(/home/metal_angel/Desktop/Code/ly/ROS/install/multi_node_demo/share/colcon-core/packages/multi_node_demo)
[3.875s] DEBUG:colcon.colcon_parallel_executor.executor.parallel:closing loop
[3.875s] DEBUG:colcon.colcon_parallel_executor.executor.parallel:loop closed
[3.875s] DEBUG:colcon.colcon_parallel_executor.executor.parallel:run_until_complete finished with '0'
[3.875s] DEBUG:colcon.colcon_core.event_reactor:joining thread
[3.880s] INFO:colcon.colcon_core.plugin_system:Skipping extension 'colcon_notification.desktop_notification.terminal_notifier': Not used on non-Darwin systems
[3.880s] INFO:colcon.colcon_core.plugin_system:Skipping extension 'colcon_notification.desktop_notification.win32': Not used on non-Windows systems
[3.880s] INFO:colcon.colcon_notification.desktop_notification:Sending desktop notification using 'notify2'
[3.892s] DEBUG:colcon.colcon_core.event_reactor:joined thread
[3.892s] INFO:colcon.colcon_core.shell:Creating prefix script '/home/metal_angel/Desktop/Code/ly/ROS/install/local_setup.ps1'
[3.893s] INFO:colcon.colcon_core.shell:Creating prefix util module '/home/metal_angel/Desktop/Code/ly/ROS/install/_local_setup_util_ps1.py'
[3.894s] INFO:colcon.colcon_core.shell:Creating prefix chain script '/home/metal_angel/Desktop/Code/ly/ROS/install/setup.ps1'
[3.895s] INFO:colcon.colcon_core.shell:Creating prefix script '/home/metal_angel/Desktop/Code/ly/ROS/install/local_setup.sh'
[3.895s] INFO:colcon.colcon_core.shell:Creating prefix util module '/home/metal_angel/Desktop/Code/ly/ROS/install/_local_setup_util_sh.py'
[3.896s] INFO:colcon.colcon_core.shell:Creating prefix chain script '/home/metal_angel/Desktop/Code/ly/ROS/install/setup.sh'
[3.896s] INFO:colcon.colcon_core.shell:Creating prefix script '/home/metal_angel/Desktop/Code/ly/ROS/install/local_setup.bash'
[3.897s] INFO:colcon.colcon_core.shell:Creating prefix chain script '/home/metal_angel/Desktop/Code/ly/ROS/install/setup.bash'
[3.897s] INFO:colcon.colcon_core.shell:Creating prefix script '/home/metal_angel/Desktop/Code/ly/ROS/install/local_setup.zsh'
[3.898s] INFO:colcon.colcon_core.shell:Creating prefix chain script '/home/metal_angel/Desktop/Code/ly/ROS/install/setup.zsh'
