-- Found ament_cmake: 2.5.4 (/opt/ros/jazzy/share/ament_cmake/cmake)
-- Found Python3: /home/metal_angel/miniconda3/bin/python3 (found version "3.12.12") found components: Interpreter 
-- Found rclcpp: 28.1.12 (/opt/ros/jazzy/share/rclcpp/cmake)
-- Found rosidl_generator_c: 4.6.6 (/opt/ros/jazzy/share/rosidl_generator_c/cmake)
-- Found rosidl_generator_cpp: 4.6.6 (/opt/ros/jazzy/share/rosidl_generator_cpp/cmake)
-- Using all available rosidl_typesupport_c: rosidl_typesupport_fastrtps_c;rosidl_typesupport_introspection_c
-- Using all available rosidl_typesupport_cpp: rosidl_typesupport_fastrtps_cpp;rosidl_typesupport_introspection_cpp
-- Found rmw_implementation_cmake: 7.3.2 (/opt/ros/jazzy/share/rmw_implementation_cmake/cmake)
-- Found rmw_fastrtps_cpp: 8.4.3 (/opt/ros/jazzy/share/rmw_fastrtps_cpp/cmake)
-- Found OpenSSL: /usr/lib/x86_64-linux-gnu/libcrypto.so (found version "3.0.13")  
-- Found FastRTPS: /opt/ros/jazzy/include (Required is at least version "2.13") 
-- Using RMW implementation 'rmw_fastrtps_cpp' as default
-- Found std_msgs: 5.3.6 (/opt/ros/jazzy/share/std_msgs/cmake)
-- Found ament_lint_auto: 0.17.3 (/opt/ros/jazzy/share/ament_lint_auto/cmake)
-- Added test 'copyright' to check source files copyright and LICENSE
-- Added test 'cppcheck' to perform static code analysis on C / C++ code
-- Configured cppcheck include dirs: $<BUILD_INTERFACE:/home/metal_angel/Desktop/Code/ly/ROS/src/multi_node_demo/include>
-- Configured cppcheck exclude dirs and/or files: 
-- Added test 'cpplint' to check C / C++ code against the Google style
-- Configured cpplint exclude dirs and/or files: 
-- Added test 'lint_cmake' to check CMake code style
-- Added test 'uncrustify' to check C / C++ code style
-- Configured uncrustify additional arguments: 
-- Added test 'xmllint' to check XML markup files
-- Configuring done (0.8s)
-- Generating done (0.0s)
-- Build files have been written to: /home/metal_angel/Desktop/Code/ly/ROS/build/multi_node_demo
[ 50%] [32mBuilding CXX object CMakeFiles/publisher2.dir/src/publisher2.cpp.o[0m
[ 50%] [32mBuilding CXX object CMakeFiles/publisher1.dir/src/publisher1.cpp.o[0m
[ 50%] [32mBuilding CXX object CMakeFiles/subscriber.dir/src/subscriber.cpp.o[0m
[ 66%] [32m[1mLinking CXX executable publisher1[0m
[ 83%] [32m[1mLinking CXX executable publisher2[0m
[ 83%] Built target publisher2
[ 83%] Built target publisher1
[100%] [32m[1mLinking CXX executable subscriber[0m
[100%] Built target subscriber
-- Install configuration: ""
-- Installing: /home/metal_angel/Desktop/Code/ly/ROS/install/multi_node_demo/lib/multi_node_demo/publisher1
-- Set non-toolchain portion of runtime path of "/home/metal_angel/Desktop/Code/ly/ROS/install/multi_node_demo/lib/multi_node_demo/publisher1" to ""
-- Installing: /home/metal_angel/Desktop/Code/ly/ROS/install/multi_node_demo/lib/multi_node_demo/publisher2
-- Set non-toolchain portion of runtime path of "/home/metal_angel/Desktop/Code/ly/ROS/install/multi_node_demo/lib/multi_node_demo/publisher2" to ""
-- Installing: /home/metal_angel/Desktop/Code/ly/ROS/install/multi_node_demo/lib/multi_node_demo/subscriber
-- Set non-toolchain portion of runtime path of "/home/metal_angel/Desktop/Code/ly/ROS/install/multi_node_demo/lib/multi_node_demo/subscriber" to ""
-- Installing: /home/metal_angel/Desktop/Code/ly/ROS/install/multi_node_demo/share/ament_index/resource_index/package_run_dependencies/multi_node_demo
-- Installing: /home/metal_angel/Desktop/Code/ly/ROS/install/multi_node_demo/share/ament_index/resource_index/parent_prefix_path/multi_node_demo
-- Installing: /home/metal_angel/Desktop/Code/ly/ROS/install/multi_node_demo/share/multi_node_demo/environment/ament_prefix_path.sh
-- Installing: /home/metal_angel/Desktop/Code/ly/ROS/install/multi_node_demo/share/multi_node_demo/environment/ament_prefix_path.dsv
-- Installing: /home/metal_angel/Desktop/Code/ly/ROS/install/multi_node_demo/share/multi_node_demo/environment/path.sh
-- Installing: /home/metal_angel/Desktop/Code/ly/ROS/install/multi_node_demo/share/multi_node_demo/environment/path.dsv
-- Installing: /home/metal_angel/Desktop/Code/ly/ROS/install/multi_node_demo/share/multi_node_demo/local_setup.bash
-- Installing: /home/metal_angel/Desktop/Code/ly/ROS/install/multi_node_demo/share/multi_node_demo/local_setup.sh
-- Installing: /home/metal_angel/Desktop/Code/ly/ROS/install/multi_node_demo/share/multi_node_demo/local_setup.zsh
-- Installing: /home/metal_angel/Desktop/Code/ly/ROS/install/multi_node_demo/share/multi_node_demo/local_setup.dsv
-- Installing: /home/metal_angel/Desktop/Code/ly/ROS/install/multi_node_demo/share/multi_node_demo/package.dsv
-- Installing: /home/metal_angel/Desktop/Code/ly/ROS/install/multi_node_demo/share/ament_index/resource_index/packages/multi_node_demo
-- Installing: /home/metal_angel/Desktop/Code/ly/ROS/install/multi_node_demo/share/multi_node_demo/cmake/multi_node_demoConfig.cmake
-- Installing: /home/metal_angel/Desktop/Code/ly/ROS/install/multi_node_demo/share/multi_node_demo/cmake/multi_node_demoConfig-version.cmake
-- Installing: /home/metal_angel/Desktop/Code/ly/ROS/install/multi_node_demo/share/multi_node_demo/package.xml
