[0.029s] Invoking command in '/home/metal_angel/Desktop/Code/ly/ros2_ws/build/my_package': CMAKE_PREFIX_PATH=${CMAKE_PREFIX_PATH}:/opt/ros/jazzy CONDA_PROMPT_MODIFIER=(base) DEBUGINFOD_URLS=https://debuginfod.ubuntu.com /usr/bin/cmake /home/metal_angel/Desktop/Code/ly/ros2_ws/src/my_package -DCMAKE_INSTALL_PREFIX=/home/metal_angel/Desktop/Code/ly/ros2_ws/install/my_package
[0.186s] -- The C compiler identification is GNU 13.3.0
[0.332s] -- The CXX compiler identification is GNU 13.3.0
[0.373s] -- Detecting C compiler ABI info
[0.570s] -- Detecting C compiler ABI info - done
[0.586s] -- Check for working C compiler: /usr/bin/cc - skipped
[0.587s] -- Detecting C compile features
[0.588s] -- Detecting C compile features - done
[0.609s] -- Detecting CXX compiler ABI info
[0.817s] -- Detecting CXX compiler ABI info - done
[0.833s] -- Check for working CXX compiler: /usr/bin/c++ - skipped
[0.834s] -- Detecting CXX compile features
[0.834s] -- Detecting CXX compile features - done
[0.860s] -- Found ament_cmake: 2.5.4 (/opt/ros/jazzy/share/ament_cmake/cmake)
[1.083s] -- Found Python3: /home/metal_angel/miniconda3/bin/python3 (found version "3.12.12") found components: Interpreter 
[1.335s] -- Found ament_lint_auto: 0.17.3 (/opt/ros/jazzy/share/ament_lint_auto/cmake)
[1.545s] -- Added test 'cppcheck' to perform static code analysis on C / C++ code
[1.545s] -- Configured cppcheck include dirs: $<BUILD_INTERFACE:/home/metal_angel/Desktop/Code/ly/ros2_ws/src/my_package/include>
[1.546s] -- Configured cppcheck exclude dirs and/or files: 
[1.548s] -- Added test 'lint_cmake' to check CMake code style
[1.550s] -- Added test 'uncrustify' to check C / C++ code style
[1.551s] -- Configured uncrustify additional arguments: 
[1.552s] -- Added test 'xmllint' to check XML markup files
[1.556s] -- Configuring done (1.5s)
[1.565s] -- Generating done (0.0s)
[1.568s] -- Build files have been written to: /home/metal_angel/Desktop/Code/ly/ros2_ws/build/my_package
[1.577s] Invoked command in '/home/metal_angel/Desktop/Code/ly/ros2_ws/build/my_package' returned '0': CMAKE_PREFIX_PATH=${CMAKE_PREFIX_PATH}:/opt/ros/jazzy CONDA_PROMPT_MODIFIER=(base) DEBUGINFOD_URLS=https://debuginfod.ubuntu.com /usr/bin/cmake /home/metal_angel/Desktop/Code/ly/ros2_ws/src/my_package -DCMAKE_INSTALL_PREFIX=/home/metal_angel/Desktop/Code/ly/ros2_ws/install/my_package
[1.579s] Invoking command in '/home/metal_angel/Desktop/Code/ly/ros2_ws/build/my_package': CMAKE_PREFIX_PATH=${CMAKE_PREFIX_PATH}:/opt/ros/jazzy CONDA_PROMPT_MODIFIER=(base) DEBUGINFOD_URLS=https://debuginfod.ubuntu.com /usr/bin/cmake --build /home/metal_angel/Desktop/Code/ly/ros2_ws/build/my_package -- -j16 -l16
[1.678s] [ 50%] [32mBuilding CXX object CMakeFiles/my_node.dir/src/my_node.cpp.o[0m
[1.746s] [100%] [32m[1mLinking CXX executable my_node[0m
[1.835s] [100%] Built target my_node
[1.858s] Invoked command in '/home/metal_angel/Desktop/Code/ly/ros2_ws/build/my_package' returned '0': CMAKE_PREFIX_PATH=${CMAKE_PREFIX_PATH}:/opt/ros/jazzy CONDA_PROMPT_MODIFIER=(base) DEBUGINFOD_URLS=https://debuginfod.ubuntu.com /usr/bin/cmake --build /home/metal_angel/Desktop/Code/ly/ros2_ws/build/my_package -- -j16 -l16
[1.878s] Invoking command in '/home/metal_angel/Desktop/Code/ly/ros2_ws/build/my_package': CMAKE_PREFIX_PATH=${CMAKE_PREFIX_PATH}:/opt/ros/jazzy CONDA_PROMPT_MODIFIER=(base) DEBUGINFOD_URLS=https://debuginfod.ubuntu.com /usr/bin/cmake --install /home/metal_angel/Desktop/Code/ly/ros2_ws/build/my_package
[1.895s] -- Install configuration: ""
[1.895s] -- Installing: /home/metal_angel/Desktop/Code/ly/ros2_ws/install/my_package/lib/my_package/my_node
[1.895s] -- Installing: /home/metal_angel/Desktop/Code/ly/ros2_ws/install/my_package/share/ament_index/resource_index/package_run_dependencies/my_package
[1.896s] -- Installing: /home/metal_angel/Desktop/Code/ly/ros2_ws/install/my_package/share/ament_index/resource_index/parent_prefix_path/my_package
[1.896s] -- Installing: /home/metal_angel/Desktop/Code/ly/ros2_ws/install/my_package/share/my_package/environment/ament_prefix_path.sh
[1.897s] -- Installing: /home/metal_angel/Desktop/Code/ly/ros2_ws/install/my_package/share/my_package/environment/ament_prefix_path.dsv
[1.897s] -- Installing: /home/metal_angel/Desktop/Code/ly/ros2_ws/install/my_package/share/my_package/environment/path.sh
[1.897s] -- Installing: /home/metal_angel/Desktop/Code/ly/ros2_ws/install/my_package/share/my_package/environment/path.dsv
[1.897s] -- Installing: /home/metal_angel/Desktop/Code/ly/ros2_ws/install/my_package/share/my_package/local_setup.bash
[1.898s] -- Installing: /home/metal_angel/Desktop/Code/ly/ros2_ws/install/my_package/share/my_package/local_setup.sh
[1.898s] -- Installing: /home/metal_angel/Desktop/Code/ly/ros2_ws/install/my_package/share/my_package/local_setup.zsh
[1.898s] -- Installing: /home/metal_angel/Desktop/Code/ly/ros2_ws/install/my_package/share/my_package/local_setup.dsv
[1.899s] -- Installing: /home/metal_angel/Desktop/Code/ly/ros2_ws/install/my_package/share/my_package/package.dsv
[1.899s] -- Installing: /home/metal_angel/Desktop/Code/ly/ros2_ws/install/my_package/share/ament_index/resource_index/packages/my_package
[1.900s] -- Installing: /home/metal_angel/Desktop/Code/ly/ros2_ws/install/my_package/share/my_package/cmake/my_packageConfig.cmake
[1.900s] -- Installing: /home/metal_angel/Desktop/Code/ly/ros2_ws/install/my_package/share/my_package/cmake/my_packageConfig-version.cmake
[1.900s] -- Installing: /home/metal_angel/Desktop/Code/ly/ros2_ws/install/my_package/share/my_package/package.xml
[1.905s] Invoked command in '/home/metal_angel/Desktop/Code/ly/ros2_ws/build/my_package' returned '0': CMAKE_PREFIX_PATH=${CMAKE_PREFIX_PATH}:/opt/ros/jazzy CONDA_PROMPT_MODIFIER=(base) DEBUGINFOD_URLS=https://debuginfod.ubuntu.com /usr/bin/cmake --install /home/metal_angel/Desktop/Code/ly/ros2_ws/build/my_package
