[ 66%] Built target subscriber
[ 66%] Built target publisher1
[ 83%] [32mBuilding CXX object CMakeFiles/publisher2.dir/src/publisher2.cpp.o[0m
[100%] [32m[1mLinking CXX executable publisher2[0m
[100%] Built target publisher2
-- Install configuration: ""
-- Up-to-date: /home/metal_angel/Desktop/Code/ly/ROS/install/multi_node_demo/lib/multi_node_demo/publisher1
-- Installing: /home/metal_angel/Desktop/Code/ly/ROS/install/multi_node_demo/lib/multi_node_demo/publisher2
-- Set non-toolchain portion of runtime path of "/home/metal_angel/Desktop/Code/ly/ROS/install/multi_node_demo/lib/multi_node_demo/publisher2" to ""
-- Up-to-date: /home/metal_angel/Desktop/Code/ly/ROS/install/multi_node_demo/lib/multi_node_demo/subscriber
-- Up-to-date: /home/metal_angel/Desktop/Code/ly/ROS/install/multi_node_demo/share/ament_index/resource_index/package_run_dependencies/multi_node_demo
-- Up-to-date: /home/metal_angel/Desktop/Code/ly/ROS/install/multi_node_demo/share/ament_index/resource_index/parent_prefix_path/multi_node_demo
-- Up-to-date: /home/metal_angel/Desktop/Code/ly/ROS/install/multi_node_demo/share/multi_node_demo/environment/ament_prefix_path.sh
-- Up-to-date: /home/metal_angel/Desktop/Code/ly/ROS/install/multi_node_demo/share/multi_node_demo/environment/ament_prefix_path.dsv
-- Up-to-date: /home/metal_angel/Desktop/Code/ly/ROS/install/multi_node_demo/share/multi_node_demo/environment/path.sh
-- Up-to-date: /home/metal_angel/Desktop/Code/ly/ROS/install/multi_node_demo/share/multi_node_demo/environment/path.dsv
-- Up-to-date: /home/metal_angel/Desktop/Code/ly/ROS/install/multi_node_demo/share/multi_node_demo/local_setup.bash
-- Up-to-date: /home/metal_angel/Desktop/Code/ly/ROS/install/multi_node_demo/share/multi_node_demo/local_setup.sh
-- Up-to-date: /home/metal_angel/Desktop/Code/ly/ROS/install/multi_node_demo/share/multi_node_demo/local_setup.zsh
-- Up-to-date: /home/metal_angel/Desktop/Code/ly/ROS/install/multi_node_demo/share/multi_node_demo/local_setup.dsv
-- Installing: /home/metal_angel/Desktop/Code/ly/ROS/install/multi_node_demo/share/multi_node_demo/package.dsv
-- Up-to-date: /home/metal_angel/Desktop/Code/ly/ROS/install/multi_node_demo/share/ament_index/resource_index/packages/multi_node_demo
-- Up-to-date: /home/metal_angel/Desktop/Code/ly/ROS/install/multi_node_demo/share/multi_node_demo/cmake/multi_node_demoConfig.cmake
-- Up-to-date: /home/metal_angel/Desktop/Code/ly/ROS/install/multi_node_demo/share/multi_node_demo/cmake/multi_node_demoConfig-version.cmake
-- Up-to-date: /home/metal_angel/Desktop/Code/ly/ROS/install/multi_node_demo/share/multi_node_demo/package.xml
