[0.000000] (-) TimerEvent: {}
[0.000389] (multi_node_demo) JobQueued: {'identifier': 'multi_node_demo', 'dependencies': OrderedDict()}
[0.000621] (multi_node_demo) JobStarted: {'identifier': 'multi_node_demo'}
[0.005519] (multi_node_demo) JobProgress: {'identifier': 'multi_node_demo', 'progress': 'cmake'}
[0.005935] (multi_node_demo) Command: {'cmd': ['/usr/bin/cmake', '/home/metal_angel/Desktop/Code/ly/ROS/src/multi_node_demo', '-DCMAKE_INSTALL_PREFIX=/home/metal_angel/Desktop/Code/ly/ROS/install/multi_node_demo'], 'cwd': '/home/metal_angel/Desktop/Code/ly/ROS/build/multi_node_demo', 'env': OrderedDict({'CONDA_PROMPT_MODIFIER': '(base)', '__EGL_VENDOR_LIBRARY_DIRS': '/home/metal_angel/miniconda3/share/glvnd/egl_vendor.d', 'USER': 'metal_angel', 'LC_TIME': 'zh_CN.UTF-8', 'XDG_SESSION_TYPE': 'wayland', 'SHLVL': '1', 'HOME': '/home/metal_angel', 'CONDA_SHLVL': '1', 'OLDPWD': '/home/metal_angel', 'DESKTOP_SESSION': 'ubuntu', 'GNOME_SHELL_SESSION_MODE': 'ubuntu', 'GTK_MODULES': 'gail:atk-bridge', 'LC_MONETARY': 'zh_CN.UTF-8', 'SYSTEMD_EXEC_PID': '2615', 'GSM_SKIP_SSH_AGENT_WORKAROUND': 'true', 'DBUS_SESSION_BUS_ADDRESS': 'unix:path=/run/user/1000/bus', 'COLORTERM': 'truecolor', '_CE_M': '', '_CONDA_ROOT': '/home/metal_angel/miniconda3', 'GNOME_KEYRING_CONTROL': '/run/user/1000/keyring', 'DEBUGINFOD_URLS': 'https://debuginfod.ubuntu.com', 'IM_CONFIG_PHASE': '1', 'WAYLAND_DISPLAY': 'wayland-0', 'LOGNAME': 'metal_angel', '_': '/usr/bin/colcon', 'MEMORY_PRESSURE_WATCH': '/sys/fs/cgroup/user.slice/user-1000.slice/user@1000.service/session.slice/org.gnome.SettingsDaemon.MediaKeys.service/memory.pressure', 'XDG_SESSION_CLASS': 'user', 'USERNAME': 'metal_angel', 'TERM': 'xterm-256color', 'GNOME_DESKTOP_SESSION_ID': 'this-is-deprecated', '_CE_CONDA': '', 'PATH': '/home/metal_angel/miniconda3/bin:/home/metal_angel/miniconda3/condabin:/usr/local/sbin:/usr/local/bin:/usr/sbin:/usr/bin:/sbin:/bin:/usr/games:/usr/local/games:/snap/bin:/snap/bin', 'SESSION_MANAGER': 'local/Metal-Angel:@/tmp/.ICE-unix/2399,unix/Metal-Angel:/tmp/.ICE-unix/2399', 'PAPERSIZE': 'a4', 'XDG_MENU_PREFIX': 'gnome-', 'LC_ADDRESS': 'zh_CN.UTF-8', 'GNOME_TERMINAL_SCREEN': '/org/gnome/Terminal/screen/a80d2290_de4a_4b36_9248_8eb3f82b319d', 'GNOME_SETUP_DISPLAY': ':1', 'XDG_RUNTIME_DIR': '/run/user/1000', 'DISPLAY': ':0', 'LANG': 'zh_CN.UTF-8', 'XDG_CURRENT_DESKTOP': 'ubuntu:GNOME', 'LC_TELEPHONE': 'zh_CN.UTF-8', 'XMODIFIERS': '@im=ibus', 'XDG_SESSION_DESKTOP': 'ubuntu', 'XAUTHORITY': '/run/user/1000/.mutter-Xwaylandauth.I326G3', 'GNOME_TERMINAL_SERVICE': ':1.137', 'SSH_AUTH_SOCK': '/run/user/1000/keyring/ssh', 'GSETTINGS_SCHEMA_DIR': '/home/metal_angel/miniconda3/share/glib-2.0/schemas', 'CONDA_PYTHON_EXE': '/home/metal_angel/miniconda3/bin/python', 'SHELL': '/bin/bash', 'LC_NAME': 'zh_CN.UTF-8', 'QT_ACCESSIBILITY': '1', 'GDMSESSION': 'ubuntu', 'CONDA_DEFAULT_ENV': 'base', 'LC_MEASUREMENT': 'zh_CN.UTF-8', '_CONDA_EXE': '/home/metal_angel/miniconda3/bin/conda', 'LC_IDENTIFICATION': 'zh_CN.UTF-8', 'QT_IM_MODULE': 'ibus', 'PWD': '/home/metal_angel/Desktop/Code/ly/ROS/build/multi_node_demo', 'XDG_CONFIG_DIRS': '/etc/xdg/xdg-ubuntu:/etc/xdg', 'CONDA_EXE': '/home/metal_angel/miniconda3/bin/conda', 'XDG_DATA_DIRS': '/usr/share/ubuntu:/usr/share/gnome:/usr/local/share/:/usr/share/:/var/lib/snapd/desktop', 'LC_NUMERIC': 'zh_CN.UTF-8', 'CONDA_PREFIX': '/home/metal_angel/miniconda3', 'GSETTINGS_SCHEMA_DIR_CONDA_BACKUP': '', 'LC_PAPER': 'zh_CN.UTF-8', 'COLCON': '1', 'MEMORY_PRESSURE_WRITE': 'c29tZSAyMDAwMDAgMjAwMDAwMAA=', 'VTE_VERSION': '7600'}), 'shell': False}
[0.027068] (multi_node_demo) StderrLine: {'line': b'\x1b[31mCMake Error at CMakeLists.txt:14 (find_package):\n'}
[0.027344] (multi_node_demo) StderrLine: {'line': b'  By not providing "Findament_cmake.cmake" in CMAKE_MODULE_PATH this project\n'}
[0.027416] (multi_node_demo) StderrLine: {'line': b'  has asked CMake to find a package configuration file provided by\n'}
[0.027477] (multi_node_demo) StderrLine: {'line': b'  "ament_cmake", but CMake did not find one.\n'}
[0.027533] (multi_node_demo) StderrLine: {'line': b'\n'}
[0.027588] (multi_node_demo) StderrLine: {'line': b'  Could not find a package configuration file provided by "ament_cmake" with\n'}
[0.027653] (multi_node_demo) StderrLine: {'line': b'  any of the following names:\n'}
[0.027705] (multi_node_demo) StderrLine: {'line': b'\n'}
[0.027758] (multi_node_demo) StderrLine: {'line': b'    ament_cmakeConfig.cmake\n'}
[0.027812] (multi_node_demo) StderrLine: {'line': b'    ament_cmake-config.cmake\n'}
[0.027863] (multi_node_demo) StderrLine: {'line': b'\n'}
[0.027917] (multi_node_demo) StderrLine: {'line': b'  Add the installation prefix of "ament_cmake" to CMAKE_PREFIX_PATH or set\n'}
[0.027970] (multi_node_demo) StderrLine: {'line': b'  "ament_cmake_DIR" to a directory containing one of the above files.  If\n'}
[0.028023] (multi_node_demo) StderrLine: {'line': b'  "ament_cmake" provides a separate development package or SDK, be sure it\n'}
[0.028076] (multi_node_demo) StderrLine: {'line': b'  has been installed.\n'}
[0.028132] (multi_node_demo) StderrLine: {'line': b'\n'}
[0.028189] (multi_node_demo) StderrLine: {'line': b'\x1b[0m\n'}
[0.028250] (multi_node_demo) StdoutLine: {'line': b'-- Configuring incomplete, errors occurred!\n'}
[0.029208] (multi_node_demo) CommandEnded: {'returncode': 1}
[0.045980] (multi_node_demo) JobEnded: {'identifier': 'multi_node_demo', 'rc': 1}
[0.046785] (-) EventReactorShutdown: {}
