[0.007s] Invoking command in '/home/metal_angel/Desktop/Code/ly/ROS/build/multi_node_demo': CONDA_PROMPT_MODIFIER=(base) DEBUGINFOD_URLS=https://debuginfod.ubuntu.com /usr/bin/cmake /home/metal_angel/Desktop/Code/ly/ROS/src/multi_node_demo -DCMAKE_INSTALL_PREFIX=/home/metal_angel/Desktop/Code/ly/ROS/install/multi_node_demo
[0.027s] [31mCMake Error at CMakeLists.txt:14 (find_package):
[0.027s]   By not providing "Findament_cmake.cmake" in CMAKE_MODULE_PATH this project
[0.027s]   has asked CMake to find a package configuration file provided by
[0.027s]   "ament_cmake", but CMake did not find one.
[0.027s] 
[0.027s]   Could not find a package configuration file provided by "ament_cmake" with
[0.027s]   any of the following names:
[0.027s] 
[0.027s]     ament_cmakeConfig.cmake
[0.027s]     ament_cmake-config.cmake
[0.027s] 
[0.027s]   Add the installation prefix of "ament_cmake" to CMAKE_PREFIX_PATH or set
[0.027s]   "ament_cmake_DIR" to a directory containing one of the above files.  If
[0.027s]   "ament_cmake" provides a separate development package or SDK, be sure it
[0.027s]   has been installed.
[0.028s] 
[0.028s] [0m
[0.028s] -- Configuring incomplete, errors occurred!
[0.029s] Invoked command in '/home/metal_angel/Desktop/Code/ly/ROS/build/multi_node_demo' returned '1': CONDA_PROMPT_MODIFIER=(base) DEBUGINFOD_URLS=https://debuginfod.ubuntu.com /usr/bin/cmake /home/metal_angel/Desktop/Code/ly/ROS/src/multi_node_demo -DCMAKE_INSTALL_PREFIX=/home/metal_angel/Desktop/Code/ly/ROS/install/multi_node_demo
